2022-02-16 09:57:25.655 15994-16024/com.daasuu.mp4composer D/EGL_emulation: app_time_stats: avg=130.83ms min=2.86ms max=3299.13ms count=26
2022-02-16 09:57:26.729 15994-16024/com.daasuu.mp4composer D/EGL_emulation: app_time_stats: avg=51.10ms min=2.28ms max=908.85ms count=21
2022-02-16 09:57:27.152 15994-16254/com.daasuu.mp4composer D/Mp4Composer: rotation = 90
2022-02-16 09:57:27.152 15994-16254/com.daasuu.mp4composer D/Mp4Composer: rotation = ROTATION_90
2022-02-16 09:57:27.152 15994-16254/com.daasuu.mp4composer D/Mp4Composer: inputResolution width = 1920 height = 1080
2022-02-16 09:57:27.152 15994-16254/com.daasuu.mp4composer D/Mp4Composer: outputResolution width = 720 height = 720
2022-02-16 09:57:27.152 15994-16254/com.daasuu.mp4composer D/Mp4Composer: fillMode = PRESERVE_ASPECT_FIT
2022-02-16 09:57:27.152 15994-16254/com.daasuu.mp4composer D/Mp4Composer: bitrate=3888000
2022-02-16 09:57:27.153 15994-16254/com.daasuu.mp4composer W/FileSource: offset/length adjusted from 0/576460752303423487 to 0/18917188
2022-02-16 09:57:27.189 15994-16254/com.daasuu.mp4composer D/MPEG4Writer: PreAllocation disabled. fallocate : Operation not supported on transport endpoint, 95
2022-02-16 09:57:27.198 15994-16254/com.daasuu.mp4composer D/Mp4ComposerEngine: Duration (us): 6828000
2022-02-16 09:57:27.209 15994-16256/com.daasuu.mp4composer I/OMXClient: IOmx service obtained
2022-02-16 09:57:27.212 15994-16256/com.daasuu.mp4composer W/OMXUtils: do not know color format 0x7f000789 = 2130708361
2022-02-16 09:57:27.212 15994-16256/com.daasuu.mp4composer I/ACodec: setupAVCEncoderParameters with [profile: Baseline] [level: Level41]
2022-02-16 09:57:27.213 15994-16256/com.daasuu.mp4composer I/ACodec: [OMX.google.h264.encoder] cannot encode color aspects. Ignoring.
2022-02-16 09:57:27.213 15994-16256/com.daasuu.mp4composer I/ACodec: [OMX.google.h264.encoder] cannot encode HDR static metadata. Ignoring.
2022-02-16 09:57:27.213 15994-16256/com.daasuu.mp4composer I/ACodec: setupVideoEncoder succeeded
2022-02-16 09:57:27.214 15994-16256/com.daasuu.mp4composer W/OMXUtils: do not know color format 0x7f000789 = 2130708361
2022-02-16 09:57:27.216 15994-16254/com.daasuu.mp4composer D/HostConnection: createUnique: call
2022-02-16 09:57:27.223 15994-16254/com.daasuu.mp4composer D/librcm: SocketClient connected to host port 22469
2022-02-16 09:57:27.228 15994-16254/com.daasuu.mp4composer D/HostConnection: HostConnection::get() New Host Connection established 0x73bf24422210, tid 16254
2022-02-16 09:57:27.228 15994-16254/com.daasuu.mp4composer D/HostConnection: HostComposition ext ANDROID_EMU_host_composition_v1 ANDROID_EMU_host_composition_v2 ANDROID_EMU_virtio_gpu_next ANDROID_EMU_has_shared_slots_host_memory_allocator ANDROID_EMU_sync_buffer_data GL_OES_EGL_image_external_essl3 GL_OES_vertex_array_object GL_KHR_texture_compression_astc_ldr GL_EXT_texture_compression_bptc GL_EXT_texture_compression_s3tc ANDROID_EMU_host_side_tracing ANDROID_EMU_gles_max_version_3_0 
2022-02-16 09:57:27.234 15994-16254/com.daasuu.mp4composer E/EGL_emulation: eglCreateContext: 0x73bf24423950: maj 3 min 0 rcv 3
2022-02-16 09:57:27.249 15994-16254/com.daasuu.mp4composer D/EGL_emulation: eglMakeCurrent: 0x73bf24423950: ver 3 0 (tinfo 0x73c129b3b100) (first time)
2022-02-16 09:57:27.257 15994-16254/com.daasuu.mp4composer E/emuglGLESv2_enc: device/generic/goldfish-opengl/system/GLESv2_enc/GL2Encoder.cpp:s_glDeleteProgram:2003 GL error 0x501 condition [!isShaderOrProgramObject]
2022-02-16 09:57:27.257 15994-16254/com.daasuu.mp4composer E/emuglGLESv2_enc: device/generic/goldfish-opengl/system/GLESv2_enc/GL2Encoder.cpp:s_glDeleteShader:2117 GL error 0x501 condition [!isShaderOrProgramObject && !isShader]
2022-02-16 09:57:27.257 15994-16254/com.daasuu.mp4composer E/emuglGLESv2_enc: device/generic/goldfish-opengl/system/GLESv2_enc/GL2Encoder.cpp:s_glDeleteShader:2117 GL error 0x501 condition [!isShaderOrProgramObject && !isShader]
2022-02-16 09:57:27.272 15994-16254/com.daasuu.mp4composer E/emuglGLESv2_enc: device/generic/goldfish-opengl/system/GLESv2_enc/GL2Encoder.cpp:s_glDeleteProgram:2003 GL error 0x501 condition [!isShaderOrProgramObject]
2022-02-16 09:57:27.272 15994-16254/com.daasuu.mp4composer E/emuglGLESv2_enc: device/generic/goldfish-opengl/system/GLESv2_enc/GL2Encoder.cpp:s_glDeleteShader:2117 GL error 0x501 condition [!isShaderOrProgramObject && !isShader]
2022-02-16 09:57:27.272 15994-16254/com.daasuu.mp4composer E/emuglGLESv2_enc: device/generic/goldfish-opengl/system/GLESv2_enc/GL2Encoder.cpp:s_glDeleteShader:2117 GL error 0x501 condition [!isShaderOrProgramObject && !isShader]
2022-02-16 09:57:27.292 15994-16254/com.daasuu.mp4composer E/emuglGLESv2_enc: device/generic/goldfish-opengl/system/GLESv2_enc/GL2Encoder.cpp:s_glDeleteProgram:2003 GL error 0x501 condition [!isShaderOrProgramObject]
2022-02-16 09:57:27.292 15994-16254/com.daasuu.mp4composer E/emuglGLESv2_enc: device/generic/goldfish-opengl/system/GLESv2_enc/GL2Encoder.cpp:s_glDeleteShader:2117 GL error 0x501 condition [!isShaderOrProgramObject && !isShader]
2022-02-16 09:57:27.292 15994-16254/com.daasuu.mp4composer E/emuglGLESv2_enc: device/generic/goldfish-opengl/system/GLESv2_enc/GL2Encoder.cpp:s_glDeleteShader:2117 GL error 0x501 condition [!isShaderOrProgramObject && !isShader]
2022-02-16 09:57:27.311 15994-16254/com.daasuu.mp4composer E/emuglGLESv2_enc: device/generic/goldfish-opengl/system/GLESv2_enc/GL2Encoder.cpp:s_glDeleteProgram:2003 GL error 0x501 condition [!isShaderOrProgramObject]
2022-02-16 09:57:27.311 15994-16254/com.daasuu.mp4composer E/emuglGLESv2_enc: device/generic/goldfish-opengl/system/GLESv2_enc/GL2Encoder.cpp:s_glDeleteShader:2117 GL error 0x501 condition [!isShaderOrProgramObject && !isShader]
2022-02-16 09:57:27.311 15994-16254/com.daasuu.mp4composer E/emuglGLESv2_enc: device/generic/goldfish-opengl/system/GLESv2_enc/GL2Encoder.cpp:s_glDeleteShader:2117 GL error 0x501 condition [!isShaderOrProgramObject && !isShader]
2022-02-16 09:57:27.326 15994-16254/com.daasuu.mp4composer E/EGL_emulation: eglQueryContext 32c0  EGL_BAD_ATTRIBUTE
2022-02-16 09:57:27.326 15994-16254/com.daasuu.mp4composer E/EGL_emulation: tid 16254: eglQueryContext(2161): error 0x3004 (EGL_BAD_ATTRIBUTE)
2022-02-16 09:57:27.326 15994-16254/com.daasuu.mp4composer E/emuglGLESv2_enc: device/generic/goldfish-opengl/system/GLESv2_enc/GL2Encoder.cpp:s_glDeleteProgram:2003 GL error 0x501 condition [!isShaderOrProgramObject]
2022-02-16 09:57:27.326 15994-16254/com.daasuu.mp4composer E/emuglGLESv2_enc: device/generic/goldfish-opengl/system/GLESv2_enc/GL2Encoder.cpp:s_glDeleteShader:2117 GL error 0x501 condition [!isShaderOrProgramObject && !isShader]
2022-02-16 09:57:27.326 15994-16254/com.daasuu.mp4composer E/emuglGLESv2_enc: device/generic/goldfish-opengl/system/GLESv2_enc/GL2Encoder.cpp:s_glDeleteShader:2117 GL error 0x501 condition [!isShaderOrProgramObject && !isShader]
2022-02-16 09:57:27.349 15994-16261/com.daasuu.mp4composer I/OMXClient: IOmx service obtained
2022-02-16 09:57:27.351 15994-16260/com.daasuu.mp4composer D/SurfaceUtils: connecting to surface 0x73c014448f90, reason connectToSurface
2022-02-16 09:57:27.351 15994-16260/com.daasuu.mp4composer I/MediaCodec: [OMX.google.h264.decoder] setting surface generation to 16377857
2022-02-16 09:57:27.351 15994-16260/com.daasuu.mp4composer D/SurfaceUtils: disconnecting from surface 0x73c014448f90, reason connectToSurface(reconnect)
2022-02-16 09:57:27.351 15994-16260/com.daasuu.mp4composer D/SurfaceUtils: connecting to surface 0x73c014448f90, reason connectToSurface(reconnect)
2022-02-16 09:57:27.351 15994-16261/com.daasuu.mp4composer E/ACodec: [OMX.google.h264.decoder] setPortMode on output to DynamicANWBuffer failed w/ err -1010
2022-02-16 09:57:27.392 15994-16254/com.daasuu.mp4composer D/VideoComposer: drainExtractor trackIndex:1
2022-02-16 09:57:27.397 15994-16254/com.daasuu.mp4composer D/VideoComposer: drainExtractor trackIndex:0
2022-02-16 09:57:27.398 15994-16254/com.daasuu.mp4composer D/VideoComposer: drainExtractor trackIndex:0
2022-02-16 09:57:27.398 15994-16254/com.daasuu.mp4composer D/AudioComposer: stepPipeline trackIndex:0
2022-02-16 09:57:27.399 15994-16254/com.daasuu.mp4composer D/VideoComposer: drainExtractor trackIndex:1
2022-02-16 09:57:27.403 15994-16254/com.daasuu.mp4composer D/VideoComposer: drainExtractor trackIndex:0
2022-02-16 09:57:27.403 15994-16254/com.daasuu.mp4composer D/VideoComposer: drainExtractor trackIndex:0
2022-02-16 09:57:27.403 15994-16254/com.daasuu.mp4composer D/AudioComposer: stepPipeline trackIndex:0
2022-02-16 09:57:27.403 15994-16254/com.daasuu.mp4composer D/VideoComposer: drainExtractor trackIndex:0
2022-02-16 09:57:27.403 15994-16254/com.daasuu.mp4composer D/AudioComposer: stepPipeline trackIndex:0
2022-02-16 09:57:27.404 15994-16254/com.daasuu.mp4composer D/VideoComposer: drainExtractor trackIndex:1
2022-02-16 09:57:27.406 15994-16254/com.daasuu.mp4composer D/VideoComposer: drainExtractor trackIndex:0
2022-02-16 09:57:27.406 15994-16254/com.daasuu.mp4composer D/VideoComposer: drainExtractor trackIndex:0
2022-02-16 09:57:27.406 15994-16254/com.daasuu.mp4composer D/AudioComposer: stepPipeline trackIndex:0
2022-02-16 09:57:27.406 15994-16254/com.daasuu.mp4composer D/VideoComposer: drainExtractor trackIndex:0
2022-02-16 09:57:27.406 15994-16254/com.daasuu.mp4composer D/AudioComposer: stepPipeline trackIndex:0
2022-02-16 09:57:27.406 15994-16254/com.daasuu.mp4composer D/VideoComposer: drainExtractor trackIndex:1
2022-02-16 09:57:27.408 15994-16254/com.daasuu.mp4composer D/VideoComposer: drainExtractor trackIndex:0
2022-02-16 09:57:27.408 15994-16254/com.daasuu.mp4composer D/VideoComposer: drainExtractor trackIndex:0
2022-02-16 09:57:27.408 15994-16254/com.daasuu.mp4composer D/AudioComposer: stepPipeline trackIndex:0
2022-02-16 09:57:27.409 15994-16254/com.daasuu.mp4composer D/SAMPLE: onProgress = 0.008764425893380199
2022-02-16 09:57:27.409 15994-16254/com.daasuu.mp4composer D/VideoComposer: drainExtractor trackIndex:1
2022-02-16 09:57:27.410 15994-16254/com.daasuu.mp4composer D/VideoComposer: drainExtractor trackIndex:0
2022-02-16 09:57:27.410 15994-16254/com.daasuu.mp4composer D/VideoComposer: drainExtractor trackIndex:0
2022-02-16 09:57:27.410 15994-16254/com.daasuu.mp4composer D/AudioComposer: stepPipeline trackIndex:0
2022-02-16 09:57:27.411 15994-16254/com.daasuu.mp4composer D/VideoComposer: drainExtractor trackIndex:0
2022-02-16 09:57:27.411 15994-16254/com.daasuu.mp4composer D/AudioComposer: stepPipeline trackIndex:0
2022-02-16 09:57:27.411 15994-16254/com.daasuu.mp4composer D/VideoComposer: drainExtractor trackIndex:1
2022-02-16 09:57:27.412 15994-16254/com.daasuu.mp4composer D/VideoComposer: drainExtractor trackIndex:0
2022-02-16 09:57:27.412 15994-16254/com.daasuu.mp4composer D/VideoComposer: drainExtractor trackIndex:0
2022-02-16 09:57:27.412 15994-16254/com.daasuu.mp4composer D/AudioComposer: stepPipeline trackIndex:0
2022-02-16 09:57:27.413 15994-16254/com.daasuu.mp4composer D/VideoComposer: drainExtractor trackIndex:1
2022-02-16 09:57:27.413 15994-16254/com.daasuu.mp4composer D/VideoComposer: drainExtractor trackIndex:0
2022-02-16 09:57:27.414 15994-16254/com.daasuu.mp4composer D/VideoComposer: drainExtractor trackIndex:0
2022-02-16 09:57:27.414 15994-16254/com.daasuu.mp4composer D/AudioComposer: stepPipeline trackIndex:0
2022-02-16 09:57:27.414 15994-16254/com.daasuu.mp4composer D/VideoComposer: drainExtractor trackIndex:0
2022-02-16 09:57:27.414 15994-16254/com.daasuu.mp4composer D/AudioComposer: stepPipeline trackIndex:0
2022-02-16 09:57:27.414 15994-16254/com.daasuu.mp4composer D/VideoComposer: drainExtractor trackIndex:1
2022-02-16 09:57:27.417 15994-16254/com.daasuu.mp4composer D/VideoComposer: drainExtractor trackIndex:0
2022-02-16 09:57:27.417 15994-16254/com.daasuu.mp4composer D/VideoComposer: drainExtractor trackIndex:0
2022-02-16 09:57:27.417 15994-16254/com.daasuu.mp4composer D/AudioComposer: stepPipeline trackIndex:0
2022-02-16 09:57:27.418 15994-16254/com.daasuu.mp4composer D/SAMPLE: onProgress = 0.018139132981839483
2022-02-16 09:57:27.418 15994-16254/com.daasuu.mp4composer D/VideoComposer: drainExtractor trackIndex:1
2022-02-16 09:57:27.418 15994-16254/com.daasuu.mp4composer D/AudioComposer: stepPipeline trackIndex:1
2022-02-16 09:57:27.429 15994-16254/com.daasuu.mp4composer D/VideoComposer: drainExtractor trackIndex:1
2022-02-16 09:57:27.429 15994-16254/com.daasuu.mp4composer D/AudioComposer: stepPipeline trackIndex:1
2022-02-16 09:57:27.440 15994-16254/com.daasuu.mp4composer D/VideoComposer: drainExtractor trackIndex:1
2022-02-16 09:57:27.440 15994-16254/com.daasuu.mp4composer D/AudioComposer: stepPipeline trackIndex:1
2022-02-16 09:57:27.451 15994-16254/com.daasuu.mp4composer D/VideoComposer: drainExtractor trackIndex:1
2022-02-16 09:57:27.451 15994-16254/com.daasuu.mp4composer D/AudioComposer: stepPipeline trackIndex:1
2022-02-16 09:57:27.462 15994-16254/com.daasuu.mp4composer D/VideoComposer: drainExtractor trackIndex:1
2022-02-16 09:57:27.462 15994-16254/com.daasuu.mp4composer D/AudioComposer: stepPipeline trackIndex:1
2022-02-16 09:57:27.472 15994-16254/com.daasuu.mp4composer D/VideoComposer: drainExtractor trackIndex:1
2022-02-16 09:57:27.473 15994-16254/com.daasuu.mp4composer D/AudioComposer: stepPipeline trackIndex:1
2022-02-16 09:57:27.483 15994-16254/com.daasuu.mp4composer D/VideoComposer: drainExtractor trackIndex:1
2022-02-16 09:57:27.483 15994-16254/com.daasuu.mp4composer D/AudioComposer: stepPipeline trackIndex:1
2022-02-16 09:57:27.494 15994-16254/com.daasuu.mp4composer D/VideoComposer: drainExtractor trackIndex:1
2022-02-16 09:57:27.494 15994-16254/com.daasuu.mp4composer D/AudioComposer: stepPipeline trackIndex:1
2022-02-16 09:57:27.504 15994-16254/com.daasuu.mp4composer D/VideoComposer: drainExtractor trackIndex:1
2022-02-16 09:57:27.504 15994-16254/com.daasuu.mp4composer D/AudioComposer: stepPipeline trackIndex:1
2022-02-16 09:57:27.515 15994-16254/com.daasuu.mp4composer D/VideoComposer: drainExtractor trackIndex:1
2022-02-16 09:57:27.516 15994-16254/com.daasuu.mp4composer D/AudioComposer: stepPipeline trackIndex:1
2022-02-16 09:57:27.516 15994-16254/com.daasuu.mp4composer D/SAMPLE: onProgress = 0.018139132981839483
2022-02-16 09:57:27.526 15994-16254/com.daasuu.mp4composer D/VideoComposer: drainExtractor trackIndex:1
2022-02-16 09:57:27.526 15994-16254/com.daasuu.mp4composer D/AudioComposer: stepPipeline trackIndex:1
2022-02-16 09:57:27.537 15994-16254/com.daasuu.mp4composer D/VideoComposer: drainExtractor trackIndex:1
2022-02-16 09:57:27.537 15994-16254/com.daasuu.mp4composer D/AudioComposer: stepPipeline trackIndex:1
2022-02-16 09:57:27.547 15994-16254/com.daasuu.mp4composer D/VideoComposer: drainExtractor trackIndex:1
2022-02-16 09:57:27.548 15994-16254/com.daasuu.mp4composer D/VideoComposer: drainExtractor trackIndex:0
2022-02-16 09:57:27.548 15994-16254/com.daasuu.mp4composer D/VideoComposer: drainExtractor trackIndex:0
2022-02-16 09:57:27.548 15994-16254/com.daasuu.mp4composer D/AudioComposer: stepPipeline trackIndex:0
2022-02-16 09:57:27.548 15994-16254/com.daasuu.mp4composer D/VideoComposer: drainExtractor trackIndex:0
2022-02-16 09:57:27.548 15994-16254/com.daasuu.mp4composer D/AudioComposer: stepPipeline trackIndex:0
2022-02-16 09:57:27.548 15994-16254/com.daasuu.mp4composer D/VideoComposer: drainExtractor trackIndex:1
2022-02-16 09:57:27.548 15994-16254/com.daasuu.mp4composer D/AudioComposer: stepPipeline trackIndex:1
2022-02-16 09:57:27.559 15994-16254/com.daasuu.mp4composer D/VideoComposer: drainExtractor trackIndex:1
2022-02-16 09:57:27.559 15994-16254/com.daasuu.mp4composer D/AudioComposer: stepPipeline trackIndex:1
2022-02-16 09:57:27.570 15994-16254/com.daasuu.mp4composer D/VideoComposer: drainExtractor trackIndex:1
2022-02-16 09:57:27.570 15994-16254/com.daasuu.mp4composer D/AudioComposer: stepPipeline trackIndex:1
2022-02-16 09:57:27.580 15994-16254/com.daasuu.mp4composer D/VideoComposer: drainExtractor trackIndex:1
2022-02-16 09:57:27.580 15994-16254/com.daasuu.mp4composer D/AudioComposer: stepPipeline trackIndex:1
2022-02-16 09:57:27.591 15994-16254/com.daasuu.mp4composer D/VideoComposer: drainExtractor trackIndex:1
2022-02-16 09:57:27.591 15994-16254/com.daasuu.mp4composer D/AudioComposer: stepPipeline trackIndex:1
2022-02-16 09:57:27.591 15994-16254/com.daasuu.mp4composer D/SAMPLE: onProgress = 0.02126654950205038
2022-02-16 09:57:27.602 15994-16254/com.daasuu.mp4composer D/VideoComposer: drainExtractor trackIndex:1
2022-02-16 09:57:27.602 15994-16254/com.daasuu.mp4composer D/VideoComposer: drainExtractor trackIndex:0
2022-02-16 09:57:27.603 15994-16254/com.daasuu.mp4composer D/VideoComposer: drainExtractor trackIndex:0
2022-02-16 09:57:27.603 15994-16254/com.daasuu.mp4composer D/AudioComposer: stepPipeline trackIndex:0
2022-02-16 09:57:27.603 15994-16254/com.daasuu.mp4composer D/VideoComposer: drainExtractor trackIndex:1
2022-02-16 09:57:27.603 15994-16254/com.daasuu.mp4composer D/AudioComposer: stepPipeline trackIndex:1
2022-02-16 09:57:27.613 15994-16254/com.daasuu.mp4composer D/VideoComposer: drainExtractor trackIndex:1
2022-02-16 09:57:27.614 15994-16254/com.daasuu.mp4composer D/AudioComposer: stepPipeline trackIndex:1
2022-02-16 09:57:27.624 15994-16254/com.daasuu.mp4composer D/VideoComposer: drainExtractor trackIndex:1
2022-02-16 09:57:27.624 15994-16254/com.daasuu.mp4composer D/AudioComposer: stepPipeline trackIndex:1
2022-02-16 09:57:27.635 15994-16254/com.daasuu.mp4composer D/VideoComposer: drainExtractor trackIndex:1
2022-02-16 09:57:27.635 15994-16254/com.daasuu.mp4composer D/AudioComposer: stepPipeline trackIndex:1
2022-02-16 09:57:27.645 15994-16260/com.daasuu.mp4composer D/MediaCodec: [OMX.google.h264.decoder] setting dataspace on output surface to #8c40000
2022-02-16 09:57:27.646 15994-16260/com.daasuu.mp4composer W/Gralloc4: allocator 3.x is not supported
2022-02-16 09:57:27.646 15994-16260/com.daasuu.mp4composer W/Gralloc3: allocator 3.x is not supported
2022-02-16 09:57:27.690 15994-16260/com.daasuu.mp4composer D/SoftwareRenderer: setting dataspace on output surface to #8c40000
2022-02-16 09:57:27.691 15994-16254/com.daasuu.mp4composer W/suu.mp4compose: [SurfaceTexture-1-15994-0] bindTextureImage: clearing GL error: 0x501
2022-02-16 09:57:27.711 15994-16256/com.daasuu.mp4composer D/ACodec: dataspace changed to 0x10c10000 (R:2(Limited), P:1(BT709_5), M:1(BT709_5), T:3(SMPTE170M)) (R:2(Limited), S:1(BT709), T:3(SMPTE_170M))
2022-02-16 09:57:27.727 15994-16254/com.daasuu.mp4composer D/VideoComposer: drainExtractor trackIndex:1
2022-02-16 09:57:27.728 15994-16254/com.daasuu.mp4composer D/VideoComposer: drainExtractor trackIndex:0
2022-02-16 09:57:27.729 15994-16254/com.daasuu.mp4composer D/MuxRender: Added track #0 with video/avc to muxer
2022-02-16 09:57:27.729 15994-16254/com.daasuu.mp4composer D/MuxRender: Added track #1 with audio/mp4a-latm to muxer
2022-02-16 09:57:27.729 15994-16254/com.daasuu.mp4composer D/MPEG4Writer: fpathconf _PC_FILESIZEBITS:64
2022-02-16 09:57:27.729 15994-16254/com.daasuu.mp4composer D/MPEG4Writer: File size limit set to 4503599627370495 bytes implicitly
2022-02-16 09:57:27.729 15994-16254/com.daasuu.mp4composer D/MPEG4Writer: MP4WtrCtrlHlpLooper Started
2022-02-16 09:57:27.729 15994-16254/com.daasuu.mp4composer I/MPEG4Writer: limits: 4503599627370495/0 bytes/us, bit rate: -1 bps and the estimated moov size 3192 bytes
2022-02-16 09:57:27.729 15994-16279/com.daasuu.mp4composer D/MPEG4Writer: kWhatNoIOErrorSoFar
2022-02-16 09:57:27.729 15994-16254/com.daasuu.mp4composer D/MuxRender: Output format determined, writing 15 samples / 4083 bytes to muxer.
2022-02-16 09:57:27.729 15994-16281/com.daasuu.mp4composer I/MPEG4Writer: setStartTimestampUs: 0
2022-02-16 09:57:27.729 15994-16281/com.daasuu.mp4composer I/MPEG4Writer: Earliest track starting time: 0
2022-02-16 09:57:27.804 15994-16254/com.daasuu.mp4composer D/VideoComposer: drainExtractor trackIndex:0
2022-02-16 09:57:27.805 15994-16280/com.daasuu.mp4composer I/MPEG4Writer: setStartTimestampUs: 0
2022-02-16 09:57:27.806 15994-16260/com.daasuu.mp4composer D/HostConnection: createUnique: call
2022-02-16 09:57:27.806 15994-16260/com.daasuu.mp4composer D/librcm: SocketClient connected to host port 22469
2022-02-16 09:57:27.811 15994-16260/com.daasuu.mp4composer D/HostConnection: HostConnection::get() New Host Connection established 0x73bf24423dd0, tid 16260
2022-02-16 09:57:27.811 15994-16260/com.daasuu.mp4composer D/HostConnection: HostComposition ext ANDROID_EMU_host_composition_v1 ANDROID_EMU_host_composition_v2 ANDROID_EMU_virtio_gpu_next ANDROID_EMU_has_shared_slots_host_memory_allocator ANDROID_EMU_sync_buffer_data GL_OES_EGL_image_external_essl3 GL_OES_vertex_array_object GL_KHR_texture_compression_astc_ldr GL_EXT_texture_compression_bptc GL_EXT_texture_compression_s3tc ANDROID_EMU_host_side_tracing ANDROID_EMU_gles_max_version_3_0 
2022-02-16 09:57:27.852 15994-16254/com.daasuu.mp4composer D/VideoComposer: drainExtractor trackIndex:0
2022-02-16 09:57:27.885 15994-16254/com.daasuu.mp4composer D/VideoComposer: drainExtractor trackIndex:0
2022-02-16 09:57:27.885 15994-16254/com.daasuu.mp4composer D/SAMPLE: onProgress = 0.02526640304628002
2022-02-16 09:57:27.929 15994-16254/com.daasuu.mp4composer D/VideoComposer: drainExtractor trackIndex:0
2022-02-16 09:57:28.119 15994-16254/com.daasuu.mp4composer I/chatty: uid=10066(com.daasuu.mp4composer) pool-4-thread-1 identical 5 lines
2022-02-16 09:57:28.120 15994-16254/com.daasuu.mp4composer D/VideoComposer: drainExtractor trackIndex:0
2022-02-16 09:57:28.120 15994-16254/com.daasuu.mp4composer D/AudioComposer: stepPipeline trackIndex:0
2022-02-16 09:57:28.120 15994-16254/com.daasuu.mp4composer D/VideoComposer: drainExtractor trackIndex:0
2022-02-16 09:57:28.120 15994-16254/com.daasuu.mp4composer D/AudioComposer: stepPipeline trackIndex:0
2022-02-16 09:57:28.121 15994-16254/com.daasuu.mp4composer D/VideoComposer: drainExtractor trackIndex:1
2022-02-16 09:57:28.121 15994-16254/com.daasuu.mp4composer D/VideoComposer: drainExtractor trackIndex:0
2022-02-16 09:57:28.121 15994-16254/com.daasuu.mp4composer D/VideoComposer: drainExtractor trackIndex:0
2022-02-16 09:57:28.121 15994-16254/com.daasuu.mp4composer D/AudioComposer: stepPipeline trackIndex:0
2022-02-16 09:57:28.122 15994-16254/com.daasuu.mp4composer D/SAMPLE: onProgress = 0.044586408904510835
2022-02-16 09:57:28.122 15994-16254/com.daasuu.mp4composer D/VideoComposer: drainExtractor trackIndex:0
2022-02-16 09:57:28.122 15994-16254/com.daasuu.mp4composer D/AudioComposer: stepPipeline trackIndex:0
2022-02-16 09:57:28.122 15994-16254/com.daasuu.mp4composer D/VideoComposer: drainExtractor trackIndex:1
2022-02-16 09:57:28.122 15994-16254/com.daasuu.mp4composer D/VideoComposer: drainExtractor trackIndex:0
2022-02-16 09:57:28.123 15994-16254/com.daasuu.mp4composer D/VideoComposer: drainExtractor trackIndex:0
2022-02-16 09:57:28.123 15994-16254/com.daasuu.mp4composer D/AudioComposer: stepPipeline trackIndex:0
2022-02-16 09:57:28.123 15994-16254/com.daasuu.mp4composer D/VideoComposer: drainExtractor trackIndex:1
2022-02-16 09:57:28.123 15994-16254/com.daasuu.mp4composer D/VideoComposer: drainExtractor trackIndex:0
2022-02-16 09:57:28.123 15994-16254/com.daasuu.mp4composer D/VideoComposer: drainExtractor trackIndex:0
2022-02-16 09:57:28.123 15994-16254/com.daasuu.mp4composer D/AudioComposer: stepPipeline trackIndex:0
2022-02-16 09:57:28.124 15994-16254/com.daasuu.mp4composer D/VideoComposer: drainExtractor trackIndex:0
2022-02-16 09:57:28.124 15994-16254/com.daasuu.mp4composer D/AudioComposer: stepPipeline trackIndex:0
2022-02-16 09:57:28.124 15994-16254/com.daasuu.mp4composer D/VideoComposer: drainExtractor trackIndex:1
2022-02-16 09:57:28.124 15994-16254/com.daasuu.mp4composer D/VideoComposer: drainExtractor trackIndex:0
2022-02-16 09:57:28.125 15994-16254/com.daasuu.mp4composer D/VideoComposer: drainExtractor trackIndex:0
2022-02-16 09:57:28.125 15994-16254/com.daasuu.mp4composer D/AudioComposer: stepPipeline trackIndex:0
2022-02-16 09:57:28.125 15994-16254/com.daasuu.mp4composer D/VideoComposer: drainExtractor trackIndex:1
2022-02-16 09:57:28.127 15994-16254/com.daasuu.mp4composer D/VideoComposer: drainExtractor trackIndex:0
2022-02-16 09:57:28.127 15994-16254/com.daasuu.mp4composer D/VideoComposer: drainExtractor trackIndex:0
2022-02-16 09:57:28.127 15994-16254/com.daasuu.mp4composer D/AudioComposer: stepPipeline trackIndex:0
2022-02-16 09:57:28.127 15994-16254/com.daasuu.mp4composer D/SAMPLE: onProgress = 0.05399157879320445
2022-02-16 09:57:28.127 15994-16254/com.daasuu.mp4composer D/VideoComposer: drainExtractor trackIndex:0
2022-02-16 09:57:28.127 15994-16254/com.daasuu.mp4composer D/AudioComposer: stepPipeline trackIndex:0
2022-02-16 09:57:28.129 15994-16024/com.daasuu.mp4composer D/EGL_emulation: app_time_stats: avg=25.08ms min=3.02ms max=533.16ms count=55
2022-02-16 09:57:28.129 15994-16254/com.daasuu.mp4composer D/VideoComposer: drainExtractor trackIndex:1
2022-02-16 09:57:28.129 15994-16254/com.daasuu.mp4composer D/VideoComposer: drainExtractor trackIndex:0
2022-02-16 09:57:28.129 15994-16254/com.daasuu.mp4composer D/VideoComposer: drainExtractor trackIndex:0
2022-02-16 09:57:28.129 15994-16254/com.daasuu.mp4composer D/AudioComposer: stepPipeline trackIndex:0
2022-02-16 09:57:28.130 15994-16254/com.daasuu.mp4composer D/VideoComposer: drainExtractor trackIndex:1
2022-02-16 09:57:28.130 15994-16254/com.daasuu.mp4composer D/VideoComposer: drainExtractor trackIndex:0
2022-02-16 09:57:28.130 15994-16254/com.daasuu.mp4composer D/VideoComposer: drainExtractor trackIndex:0
2022-02-16 09:57:28.130 15994-16254/com.daasuu.mp4composer D/AudioComposer: stepPipeline trackIndex:0
2022-02-16 09:57:28.131 15994-16254/com.daasuu.mp4composer D/VideoComposer: drainExtractor trackIndex:0
2022-02-16 09:57:28.131 15994-16254/com.daasuu.mp4composer D/AudioComposer: stepPipeline trackIndex:0
2022-02-16 09:57:28.131 15994-16254/com.daasuu.mp4composer D/VideoComposer: drainExtractor trackIndex:1
2022-02-16 09:57:28.131 15994-16254/com.daasuu.mp4composer D/VideoComposer: drainExtractor trackIndex:0
2022-02-16 09:57:28.132 15994-16254/com.daasuu.mp4composer D/VideoComposer: drainExtractor trackIndex:0
2022-02-16 09:57:28.132 15994-16254/com.daasuu.mp4composer D/AudioComposer: stepPipeline trackIndex:0
2022-02-16 09:57:28.132 15994-16254/com.daasuu.mp4composer D/VideoComposer: drainExtractor trackIndex:0
2022-02-16 09:57:28.132 15994-16254/com.daasuu.mp4composer D/AudioComposer: stepPipeline trackIndex:0
2022-02-16 09:57:28.132 15994-16254/com.daasuu.mp4composer D/VideoComposer: drainExtractor trackIndex:1
2022-02-16 09:57:28.133 15994-16254/com.daasuu.mp4composer D/AudioComposer: stepPipeline trackIndex:1
2022-02-16 09:57:28.133 15994-16254/com.daasuu.mp4composer D/SAMPLE: onProgress = 0.06336474809607498
2022-02-16 09:57:28.180 15994-16254/com.daasuu.mp4composer D/VideoComposer: drainExtractor trackIndex:1
2022-02-16 09:57:28.181 15994-16254/com.daasuu.mp4composer D/VideoComposer: drainExtractor trackIndex:0
2022-02-16 09:57:28.215 15994-16254/com.daasuu.mp4composer D/VideoComposer: drainExtractor trackIndex:0
2022-02-16 09:57:28.256 15994-16254/com.daasuu.mp4composer D/VideoComposer: drainExtractor trackIndex:0
2022-02-16 09:57:28.524 15994-16254/com.daasuu.mp4composer I/chatty: uid=10066(com.daasuu.mp4composer) pool-4-thread-1 identical 6 lines
2022-02-16 09:57:28.525 15994-16254/com.daasuu.mp4composer D/VideoComposer: drainExtractor trackIndex:0
2022-02-16 09:57:28.526 15994-16254/com.daasuu.mp4composer D/SAMPLE: onProgress = 0.08531436731107206
2022-02-16 09:57:28.526 15994-16254/com.daasuu.mp4composer D/VideoComposer: drainExtractor trackIndex:0
2022-02-16 09:57:28.526 15994-16254/com.daasuu.mp4composer D/AudioComposer: stepPipeline trackIndex:0
2022-02-16 09:57:28.526 15994-16254/com.daasuu.mp4composer D/VideoComposer: drainExtractor trackIndex:1
2022-02-16 09:57:28.526 15994-16254/com.daasuu.mp4composer D/VideoComposer: drainExtractor trackIndex:0
2022-02-16 09:57:28.527 15994-16254/com.daasuu.mp4composer D/VideoComposer: drainExtractor trackIndex:0
2022-02-16 09:57:28.527 15994-16254/com.daasuu.mp4composer D/AudioComposer: stepPipeline trackIndex:0
2022-02-16 09:57:28.527 15994-16254/com.daasuu.mp4composer D/VideoComposer: drainExtractor trackIndex:0
2022-02-16 09:57:28.527 15994-16254/com.daasuu.mp4composer D/AudioComposer: stepPipeline trackIndex:0
2022-02-16 09:57:28.527 15994-16254/com.daasuu.mp4composer D/VideoComposer: drainExtractor trackIndex:1
2022-02-16 09:57:28.527 15994-16254/com.daasuu.mp4composer D/VideoComposer: drainExtractor trackIndex:0
2022-02-16 09:57:28.528 15994-16254/com.daasuu.mp4composer D/VideoComposer: drainExtractor trackIndex:0
2022-02-16 09:57:28.528 15994-16254/com.daasuu.mp4composer D/AudioComposer: stepPipeline trackIndex:0
2022-02-16 09:57:28.528 15994-16254/com.daasuu.mp4composer D/VideoComposer: drainExtractor trackIndex:1
2022-02-16 09:57:28.528 15994-16254/com.daasuu.mp4composer D/VideoComposer: drainExtractor trackIndex:0
2022-02-16 09:57:28.528 15994-16254/com.daasuu.mp4composer D/VideoComposer: drainExtractor trackIndex:0
2022-02-16 09:57:28.528 15994-16254/com.daasuu.mp4composer D/AudioComposer: stepPipeline trackIndex:0
2022-02-16 09:57:28.528 15994-16254/com.daasuu.mp4composer D/VideoComposer: drainExtractor trackIndex:0
2022-02-16 09:57:28.528 15994-16254/com.daasuu.mp4composer D/AudioComposer: stepPipeline trackIndex:0
2022-02-16 09:57:28.529 15994-16254/com.daasuu.mp4composer D/VideoComposer: drainExtractor trackIndex:1
2022-02-16 09:57:28.530 15994-16254/com.daasuu.mp4composer D/VideoComposer: drainExtractor trackIndex:0
2022-02-16 09:57:28.530 15994-16254/com.daasuu.mp4composer D/SAMPLE: onProgress = 0.09468753661394258
2022-02-16 09:57:28.530 15994-16254/com.daasuu.mp4composer D/VideoComposer: drainExtractor trackIndex:0
2022-02-16 09:57:28.530 15994-16254/com.daasuu.mp4composer D/AudioComposer: stepPipeline trackIndex:0
2022-02-16 09:57:28.531 15994-16254/com.daasuu.mp4composer D/VideoComposer: drainExtractor trackIndex:1
2022-02-16 09:57:28.531 15994-16254/com.daasuu.mp4composer D/VideoComposer: drainExtractor trackIndex:0
2022-02-16 09:57:28.531 15994-16254/com.daasuu.mp4composer D/VideoComposer: drainExtractor trackIndex:0
2022-02-16 09:57:28.531 15994-16254/com.daasuu.mp4composer D/AudioComposer: stepPipeline trackIndex:0
2022-02-16 09:57:28.531 15994-16254/com.daasuu.mp4composer D/VideoComposer: drainExtractor trackIndex:0
2022-02-16 09:57:28.532 15994-16254/com.daasuu.mp4composer D/AudioComposer: stepPipeline trackIndex:0
2022-02-16 09:57:28.532 15994-16254/com.daasuu.mp4composer D/VideoComposer: drainExtractor trackIndex:1
2022-02-16 09:57:28.532 15994-16254/com.daasuu.mp4composer D/VideoComposer: drainExtractor trackIndex:0
2022-02-16 09:57:28.532 15994-16254/com.daasuu.mp4composer D/VideoComposer: drainExtractor trackIndex:0
2022-02-16 09:57:28.532 15994-16254/com.daasuu.mp4composer D/AudioComposer: stepPipeline trackIndex:0
2022-02-16 09:57:28.533 15994-16254/com.daasuu.mp4composer D/VideoComposer: drainExtractor trackIndex:1
2022-02-16 09:57:28.534 15994-16254/com.daasuu.mp4composer D/VideoComposer: drainExtractor trackIndex:0
2022-02-16 09:57:28.534 15994-16254/com.daasuu.mp4composer D/VideoComposer: drainExtractor trackIndex:0
2022-02-16 09:57:28.534 15994-16254/com.daasuu.mp4composer D/AudioComposer: stepPipeline trackIndex:0
2022-02-16 09:57:28.534 15994-16254/com.daasuu.mp4composer D/VideoComposer: drainExtractor trackIndex:0
2022-02-16 09:57:28.534 15994-16254/com.daasuu.mp4composer D/AudioComposer: stepPipeline trackIndex:0
2022-02-16 09:57:28.534 15994-16254/com.daasuu.mp4composer D/VideoComposer: drainExtractor trackIndex:1
2022-02-16 09:57:28.535 15994-16254/com.daasuu.mp4composer D/VideoComposer: drainExtractor trackIndex:0
2022-02-16 09:57:28.535 15994-16254/com.daasuu.mp4composer D/SAMPLE: onProgress = 0.10406070591681313
2022-02-16 09:57:28.535 15994-16254/com.daasuu.mp4composer D/VideoComposer: drainExtractor trackIndex:0
2022-02-16 09:57:28.535 15994-16254/com.daasuu.mp4composer D/AudioComposer: stepPipeline trackIndex:0
2022-02-16 09:57:28.535 15994-16254/com.daasuu.mp4composer D/VideoComposer: drainExtractor trackIndex:0
2022-02-16 09:57:28.535 15994-16254/com.daasuu.mp4composer D/AudioComposer: stepPipeline trackIndex:0
2022-02-16 09:57:28.535 15994-16254/com.daasuu.mp4composer D/VideoComposer: drainExtractor trackIndex:1
2022-02-16 09:57:28.536 15994-16254/com.daasuu.mp4composer D/AudioComposer: stepPipeline trackIndex:1
2022-02-16 09:57:28.594 15994-16254/com.daasuu.mp4composer D/VideoComposer: drainExtractor trackIndex:1
2022-02-16 09:57:28.595 15994-16254/com.daasuu.mp4composer D/VideoComposer: drainExtractor trackIndex:0
2022-02-16 09:57:28.742 15994-16254/com.daasuu.mp4composer I/chatty: uid=10066(com.daasuu.mp4composer) pool-4-thread-1 identical 3 lines
2022-02-16 09:57:28.790 15994-16254/com.daasuu.mp4composer D/VideoComposer: drainExtractor trackIndex:0
2022-02-16 09:57:28.837 15994-16254/com.daasuu.mp4composer D/EGL_emulation: app_time_stats: avg=47.50ms min=26.74ms max=76.91ms count=23
2022-02-16 09:57:28.837 15994-16254/com.daasuu.mp4composer D/VideoComposer: drainExtractor trackIndex:0
2022-02-16 09:57:28.886 15994-16254/com.daasuu.mp4composer D/VideoComposer: drainExtractor trackIndex:0
2022-02-16 09:57:28.886 15994-16254/com.daasuu.mp4composer D/SAMPLE: onProgress = 0.1218176625659051
2022-02-16 09:57:28.962 15994-16254/com.daasuu.mp4composer D/VideoComposer: drainExtractor trackIndex:0
2022-02-16 09:57:29.010 15994-16254/com.daasuu.mp4composer I/chatty: uid=10066(com.daasuu.mp4composer) pool-4-thread-1 identical 2 lines
2022-02-16 09:57:29.010 15994-16254/com.daasuu.mp4composer D/VideoComposer: drainExtractor trackIndex:0
2022-02-16 09:57:29.010 15994-16254/com.daasuu.mp4composer D/AudioComposer: stepPipeline trackIndex:0
2022-02-16 09:57:29.011 15994-16254/com.daasuu.mp4composer D/VideoComposer: drainExtractor trackIndex:1
2022-02-16 09:57:29.011 15994-16254/com.daasuu.mp4composer D/VideoComposer: drainExtractor trackIndex:0
2022-02-16 09:57:29.011 15994-16254/com.daasuu.mp4composer D/VideoComposer: drainExtractor trackIndex:0
2022-02-16 09:57:29.011 15994-16254/com.daasuu.mp4composer D/AudioComposer: stepPipeline trackIndex:0
2022-02-16 09:57:29.012 15994-16254/com.daasuu.mp4composer D/VideoComposer: drainExtractor trackIndex:0
2022-02-16 09:57:29.012 15994-16254/com.daasuu.mp4composer D/AudioComposer: stepPipeline trackIndex:0
2022-02-16 09:57:29.012 15994-16254/com.daasuu.mp4composer D/VideoComposer: drainExtractor trackIndex:1
2022-02-16 09:57:29.013 15994-16254/com.daasuu.mp4composer D/VideoComposer: drainExtractor trackIndex:0
2022-02-16 09:57:29.013 15994-16254/com.daasuu.mp4composer D/VideoComposer: drainExtractor trackIndex:0
2022-02-16 09:57:29.013 15994-16254/com.daasuu.mp4composer D/AudioComposer: stepPipeline trackIndex:0
2022-02-16 09:57:29.013 15994-16254/com.daasuu.mp4composer D/VideoComposer: drainExtractor trackIndex:1
2022-02-16 09:57:29.015 15994-16254/com.daasuu.mp4composer D/VideoComposer: drainExtractor trackIndex:0
2022-02-16 09:57:29.016 15994-16254/com.daasuu.mp4composer D/SAMPLE: onProgress = 0.13538276215582895
2022-02-16 09:57:29.016 15994-16254/com.daasuu.mp4composer D/VideoComposer: drainExtractor trackIndex:0
2022-02-16 09:57:29.016 15994-16254/com.daasuu.mp4composer D/AudioComposer: stepPipeline trackIndex:0
2022-02-16 09:57:29.016 15994-16254/com.daasuu.mp4composer D/VideoComposer: drainExtractor trackIndex:0
2022-02-16 09:57:29.016 15994-16254/com.daasuu.mp4composer D/AudioComposer: stepPipeline trackIndex:0
2022-02-16 09:57:29.017 15994-16254/com.daasuu.mp4composer D/VideoComposer: drainExtractor trackIndex:1
2022-02-16 09:57:29.017 15994-16254/com.daasuu.mp4composer D/VideoComposer: drainExtractor trackIndex:0
2022-02-16 09:57:29.018 15994-16254/com.daasuu.mp4composer D/VideoComposer: drainExtractor trackIndex:0
2022-02-16 09:57:29.018 15994-16254/com.daasuu.mp4composer D/AudioComposer: stepPipeline trackIndex:0
2022-02-16 09:57:29.018 15994-16254/com.daasuu.mp4composer D/VideoComposer: drainExtractor trackIndex:1
2022-02-16 09:57:29.018 15994-16254/com.daasuu.mp4composer D/VideoComposer: drainExtractor trackIndex:0
2022-02-16 09:57:29.018 15994-16254/com.daasuu.mp4composer D/VideoComposer: drainExtractor trackIndex:0
2022-02-16 09:57:29.019 15994-16254/com.daasuu.mp4composer D/AudioComposer: stepPipeline trackIndex:0
2022-02-16 09:57:29.019 15994-16254/com.daasuu.mp4composer D/VideoComposer: drainExtractor trackIndex:0
2022-02-16 09:57:29.019 15994-16254/com.daasuu.mp4composer D/AudioComposer: stepPipeline trackIndex:0
2022-02-16 09:57:29.019 15994-16254/com.daasuu.mp4composer D/VideoComposer: drainExtractor trackIndex:1
2022-02-16 09:57:29.019 15994-16254/com.daasuu.mp4composer D/VideoComposer: drainExtractor trackIndex:0
2022-02-16 09:57:29.020 15994-16254/com.daasuu.mp4composer D/VideoComposer: drainExtractor trackIndex:0
2022-02-16 09:57:29.020 15994-16254/com.daasuu.mp4composer D/AudioComposer: stepPipeline trackIndex:0
2022-02-16 09:57:29.020 15994-16254/com.daasuu.mp4composer D/VideoComposer: drainExtractor trackIndex:0
2022-02-16 09:57:29.020 15994-16254/com.daasuu.mp4composer D/AudioComposer: stepPipeline trackIndex:0
2022-02-16 09:57:29.020 15994-16254/com.daasuu.mp4composer D/SAMPLE: onProgress = 0.14631810193321618
2022-02-16 09:57:29.021 15994-16254/com.daasuu.mp4composer D/VideoComposer: drainExtractor trackIndex:1
2022-02-16 09:57:29.021 15994-16254/com.daasuu.mp4composer D/VideoComposer: drainExtractor trackIndex:0
2022-02-16 09:57:29.021 15994-16254/com.daasuu.mp4composer D/VideoComposer: drainExtractor trackIndex:0
2022-02-16 09:57:29.021 15994-16254/com.daasuu.mp4composer D/AudioComposer: stepPipeline trackIndex:0
2022-02-16 09:57:29.022 15994-16254/com.daasuu.mp4composer D/VideoComposer: drainExtractor trackIndex:1
2022-02-16 09:57:29.022 15994-16254/com.daasuu.mp4composer D/VideoComposer: drainExtractor trackIndex:0
2022-02-16 09:57:29.023 15994-16254/com.daasuu.mp4composer D/VideoComposer: drainExtractor trackIndex:0
2022-02-16 09:57:29.023 15994-16254/com.daasuu.mp4composer D/AudioComposer: stepPipeline trackIndex:0
2022-02-16 09:57:29.023 15994-16254/com.daasuu.mp4composer D/VideoComposer: drainExtractor trackIndex:0
2022-02-16 09:57:29.023 15994-16254/com.daasuu.mp4composer D/AudioComposer: stepPipeline trackIndex:0
2022-02-16 09:57:29.023 15994-16254/com.daasuu.mp4composer D/VideoComposer: drainExtractor trackIndex:1
2022-02-16 09:57:29.023 15994-16254/com.daasuu.mp4composer D/AudioComposer: stepPipeline trackIndex:1
2022-02-16 09:57:29.071 15994-16254/com.daasuu.mp4composer D/VideoComposer: drainExtractor trackIndex:1
2022-02-16 09:57:29.071 15994-16254/com.daasuu.mp4composer D/VideoComposer: drainExtractor trackIndex:0
2022-02-16 09:57:29.163 15994-16254/com.daasuu.mp4composer I/chatty: uid=10066(com.daasuu.mp4composer) pool-4-thread-1 identical 2 lines
2022-02-16 09:57:29.210 15994-16254/com.daasuu.mp4composer D/VideoComposer: drainExtractor trackIndex:0
2022-02-16 09:57:29.210 15994-16254/com.daasuu.mp4composer D/SAMPLE: onProgress = 0.158324179847686
2022-02-16 09:57:29.255 15994-16024/com.daasuu.mp4composer D/EGL_emulation: app_time_stats: avg=125.05ms min=3.02ms max=398.62ms count=9
2022-02-16 09:57:29.274 15994-16254/com.daasuu.mp4composer D/VideoComposer: drainExtractor trackIndex:0
2022-02-16 09:57:29.480 15994-16254/com.daasuu.mp4composer I/chatty: uid=10066(com.daasuu.mp4composer) pool-4-thread-1 identical 5 lines
2022-02-16 09:57:29.480 15994-16254/com.daasuu.mp4composer D/VideoComposer: drainExtractor trackIndex:0
2022-02-16 09:57:29.480 15994-16254/com.daasuu.mp4composer D/AudioComposer: stepPipeline trackIndex:0
2022-02-16 09:57:29.481 15994-16254/com.daasuu.mp4composer D/VideoComposer: drainExtractor trackIndex:1
2022-02-16 09:57:29.481 15994-16254/com.daasuu.mp4composer D/VideoComposer: drainExtractor trackIndex:0
2022-02-16 09:57:29.481 15994-16254/com.daasuu.mp4composer D/VideoComposer: drainExtractor trackIndex:0
2022-02-16 09:57:29.481 15994-16254/com.daasuu.mp4composer D/AudioComposer: stepPipeline trackIndex:0
2022-02-16 09:57:29.482 15994-16254/com.daasuu.mp4composer D/VideoComposer: drainExtractor trackIndex:0
2022-02-16 09:57:29.482 15994-16254/com.daasuu.mp4composer D/AudioComposer: stepPipeline trackIndex:0
2022-02-16 09:57:29.482 15994-16254/com.daasuu.mp4composer D/SAMPLE: onProgress = 0.17764330697129466
2022-02-16 09:57:29.482 15994-16254/com.daasuu.mp4composer D/VideoComposer: drainExtractor trackIndex:1
2022-02-16 09:57:29.484 15994-16254/com.daasuu.mp4composer D/VideoComposer: drainExtractor trackIndex:0
2022-02-16 09:57:29.484 15994-16254/com.daasuu.mp4composer D/VideoComposer: drainExtractor trackIndex:0
2022-02-16 09:57:29.484 15994-16254/com.daasuu.mp4composer D/AudioComposer: stepPipeline trackIndex:0
2022-02-16 09:57:29.485 15994-16254/com.daasuu.mp4composer D/VideoComposer: drainExtractor trackIndex:1
2022-02-16 09:57:29.485 15994-16254/com.daasuu.mp4composer D/VideoComposer: drainExtractor trackIndex:0
2022-02-16 09:57:29.486 15994-16254/com.daasuu.mp4composer D/VideoComposer: drainExtractor trackIndex:0
2022-02-16 09:57:29.486 15994-16254/com.daasuu.mp4composer D/AudioComposer: stepPipeline trackIndex:0
2022-02-16 09:57:29.486 15994-16254/com.daasuu.mp4composer D/VideoComposer: drainExtractor trackIndex:0
2022-02-16 09:57:29.486 15994-16254/com.daasuu.mp4composer D/AudioComposer: stepPipeline trackIndex:0
2022-02-16 09:57:29.488 15994-16254/com.daasuu.mp4composer D/VideoComposer: drainExtractor trackIndex:1
2022-02-16 09:57:29.489 15994-16254/com.daasuu.mp4composer D/VideoComposer: drainExtractor trackIndex:0
2022-02-16 09:57:29.489 15994-16254/com.daasuu.mp4composer D/VideoComposer: drainExtractor trackIndex:0
2022-02-16 09:57:29.489 15994-16254/com.daasuu.mp4composer D/AudioComposer: stepPipeline trackIndex:0
2022-02-16 09:57:29.489 15994-16254/com.daasuu.mp4composer D/VideoComposer: drainExtractor trackIndex:1
2022-02-16 09:57:29.490 15994-16254/com.daasuu.mp4composer D/VideoComposer: drainExtractor trackIndex:0
2022-02-16 09:57:29.490 15994-16254/com.daasuu.mp4composer D/VideoComposer: drainExtractor trackIndex:0
2022-02-16 09:57:29.490 15994-16254/com.daasuu.mp4composer D/AudioComposer: stepPipeline trackIndex:0
2022-02-16 09:57:29.491 15994-16254/com.daasuu.mp4composer D/VideoComposer: drainExtractor trackIndex:0
2022-02-16 09:57:29.491 15994-16254/com.daasuu.mp4composer D/AudioComposer: stepPipeline trackIndex:0
2022-02-16 09:57:29.491 15994-16254/com.daasuu.mp4composer D/SAMPLE: onProgress = 0.1870164762741652
2022-02-16 09:57:29.491 15994-16254/com.daasuu.mp4composer D/VideoComposer: drainExtractor trackIndex:1
2022-02-16 09:57:29.492 15994-16254/com.daasuu.mp4composer D/VideoComposer: drainExtractor trackIndex:0
2022-02-16 09:57:29.492 15994-16254/com.daasuu.mp4composer D/VideoComposer: drainExtractor trackIndex:0
2022-02-16 09:57:29.492 15994-16254/com.daasuu.mp4composer D/AudioComposer: stepPipeline trackIndex:0
2022-02-16 09:57:29.492 15994-16254/com.daasuu.mp4composer D/VideoComposer: drainExtractor trackIndex:0
2022-02-16 09:57:29.492 15994-16254/com.daasuu.mp4composer D/AudioComposer: stepPipeline trackIndex:0
2022-02-16 09:57:29.493 15994-16254/com.daasuu.mp4composer D/VideoComposer: drainExtractor trackIndex:1
2022-02-16 09:57:29.493 15994-16254/com.daasuu.mp4composer D/VideoComposer: drainExtractor trackIndex:0
2022-02-16 09:57:29.494 15994-16254/com.daasuu.mp4composer D/VideoComposer: drainExtractor trackIndex:0
2022-02-16 09:57:29.494 15994-16254/com.daasuu.mp4composer D/AudioComposer: stepPipeline trackIndex:0
2022-02-16 09:57:29.495 15994-16254/com.daasuu.mp4composer D/VideoComposer: drainExtractor trackIndex:1
2022-02-16 09:57:29.495 15994-16254/com.daasuu.mp4composer D/VideoComposer: drainExtractor trackIndex:0
2022-02-16 09:57:29.495 15994-16254/com.daasuu.mp4composer D/VideoComposer: drainExtractor trackIndex:0
2022-02-16 09:57:29.495 15994-16254/com.daasuu.mp4composer D/AudioComposer: stepPipeline trackIndex:0
2022-02-16 09:57:29.496 15994-16254/com.daasuu.mp4composer D/VideoComposer: drainExtractor trackIndex:0
2022-02-16 09:57:29.496 15994-16254/com.daasuu.mp4composer D/AudioComposer: stepPipeline trackIndex:0
2022-02-16 09:57:29.496 15994-16254/com.daasuu.mp4composer D/VideoComposer: drainExtractor trackIndex:1
2022-02-16 09:57:29.496 15994-16254/com.daasuu.mp4composer D/AudioComposer: stepPipeline trackIndex:1
2022-02-16 09:57:29.540 15994-16254/com.daasuu.mp4composer D/VideoComposer: drainExtractor trackIndex:1
2022-02-16 09:57:29.541 15994-16254/com.daasuu.mp4composer D/VideoComposer: drainExtractor trackIndex:0
2022-02-16 09:57:29.541 15994-16254/com.daasuu.mp4composer D/SAMPLE: onProgress = 0.19726611013473933
2022-02-16 09:57:29.601 15994-16254/com.daasuu.mp4composer D/VideoComposer: drainExtractor trackIndex:0
2022-02-16 09:57:29.757 15994-16254/com.daasuu.mp4composer I/chatty: uid=10066(com.daasuu.mp4composer) pool-4-thread-1 identical 3 lines
2022-02-16 09:57:29.805 15994-16254/com.daasuu.mp4composer D/VideoComposer: drainExtractor trackIndex:0
2022-02-16 09:57:29.853 15994-16254/com.daasuu.mp4composer D/EGL_emulation: app_time_stats: avg=53.33ms min=45.13ms max=76.42ms count=19
2022-02-16 09:57:29.853 15994-16254/com.daasuu.mp4composer D/VideoComposer: drainExtractor trackIndex:0
2022-02-16 09:57:29.945 15994-16254/com.daasuu.mp4composer I/chatty: uid=10066(com.daasuu.mp4composer) pool-4-thread-1 identical 3 lines
2022-02-16 09:57:29.945 15994-16254/com.daasuu.mp4composer D/VideoComposer: drainExtractor trackIndex:0
2022-02-16 09:57:29.945 15994-16254/com.daasuu.mp4composer D/AudioComposer: stepPipeline trackIndex:0
2022-02-16 09:57:29.945 15994-16254/com.daasuu.mp4composer D/SAMPLE: onProgress = 0.21834028998242533
2022-02-16 09:57:29.946 15994-16254/com.daasuu.mp4composer D/VideoComposer: drainExtractor trackIndex:1
2022-02-16 09:57:29.949 15994-16254/com.daasuu.mp4composer D/VideoComposer: drainExtractor trackIndex:0
2022-02-16 09:57:29.949 15994-16254/com.daasuu.mp4composer D/VideoComposer: drainExtractor trackIndex:0
2022-02-16 09:57:29.949 15994-16254/com.daasuu.mp4composer D/AudioComposer: stepPipeline trackIndex:0
2022-02-16 09:57:29.950 15994-16254/com.daasuu.mp4composer D/VideoComposer: drainExtractor trackIndex:0
2022-02-16 09:57:29.950 15994-16254/com.daasuu.mp4composer D/AudioComposer: stepPipeline trackIndex:0
2022-02-16 09:57:29.950 15994-16254/com.daasuu.mp4composer D/VideoComposer: drainExtractor trackIndex:1
2022-02-16 09:57:29.951 15994-16254/com.daasuu.mp4composer D/VideoComposer: drainExtractor trackIndex:0
2022-02-16 09:57:29.951 15994-16254/com.daasuu.mp4composer D/VideoComposer: drainExtractor trackIndex:0
2022-02-16 09:57:29.951 15994-16254/com.daasuu.mp4composer D/AudioComposer: stepPipeline trackIndex:0
2022-02-16 09:57:29.952 15994-16254/com.daasuu.mp4composer D/VideoComposer: drainExtractor trackIndex:1
2022-02-16 09:57:29.952 15994-16254/com.daasuu.mp4composer D/VideoComposer: drainExtractor trackIndex:0
2022-02-16 09:57:29.952 15994-16254/com.daasuu.mp4composer D/VideoComposer: drainExtractor trackIndex:0
2022-02-16 09:57:29.952 15994-16254/com.daasuu.mp4composer D/AudioComposer: stepPipeline trackIndex:0
2022-02-16 09:57:29.953 15994-16254/com.daasuu.mp4composer D/VideoComposer: drainExtractor trackIndex:0
2022-02-16 09:57:29.953 15994-16254/com.daasuu.mp4composer D/AudioComposer: stepPipeline trackIndex:0
2022-02-16 09:57:29.953 15994-16254/com.daasuu.mp4composer D/VideoComposer: drainExtractor trackIndex:1
2022-02-16 09:57:29.953 15994-16254/com.daasuu.mp4composer D/VideoComposer: drainExtractor trackIndex:0
2022-02-16 09:57:29.954 15994-16254/com.daasuu.mp4composer D/VideoComposer: drainExtractor trackIndex:0
2022-02-16 09:57:29.954 15994-16254/com.daasuu.mp4composer D/AudioComposer: stepPipeline trackIndex:0
2022-02-16 09:57:29.954 15994-16254/com.daasuu.mp4composer D/SAMPLE: onProgress = 0.22771345928529585
2022-02-16 09:57:29.954 15994-16254/com.daasuu.mp4composer D/VideoComposer: drainExtractor trackIndex:1
2022-02-16 09:57:29.955 15994-16254/com.daasuu.mp4composer D/VideoComposer: drainExtractor trackIndex:0
2022-02-16 09:57:29.955 15994-16254/com.daasuu.mp4composer D/VideoComposer: drainExtractor trackIndex:0
2022-02-16 09:57:29.955 15994-16254/com.daasuu.mp4composer D/AudioComposer: stepPipeline trackIndex:0
2022-02-16 09:57:29.955 15994-16254/com.daasuu.mp4composer D/VideoComposer: drainExtractor trackIndex:0
2022-02-16 09:57:29.955 15994-16254/com.daasuu.mp4composer D/AudioComposer: stepPipeline trackIndex:0
2022-02-16 09:57:29.956 15994-16254/com.daasuu.mp4composer D/VideoComposer: drainExtractor trackIndex:1
2022-02-16 09:57:29.956 15994-16254/com.daasuu.mp4composer D/VideoComposer: drainExtractor trackIndex:0
2022-02-16 09:57:29.956 15994-16254/com.daasuu.mp4composer D/VideoComposer: drainExtractor trackIndex:0
2022-02-16 09:57:29.956 15994-16254/com.daasuu.mp4composer D/AudioComposer: stepPipeline trackIndex:0
2022-02-16 09:57:29.957 15994-16254/com.daasuu.mp4composer D/VideoComposer: drainExtractor trackIndex:0
2022-02-16 09:57:29.957 15994-16254/com.daasuu.mp4composer D/AudioComposer: stepPipeline trackIndex:0
2022-02-16 09:57:29.957 15994-16254/com.daasuu.mp4composer D/VideoComposer: drainExtractor trackIndex:1
2022-02-16 09:57:29.958 15994-16254/com.daasuu.mp4composer D/VideoComposer: drainExtractor trackIndex:0
2022-02-16 09:57:29.958 15994-16254/com.daasuu.mp4composer D/VideoComposer: drainExtractor trackIndex:0
2022-02-16 09:57:29.958 15994-16254/com.daasuu.mp4composer D/AudioComposer: stepPipeline trackIndex:0
2022-02-16 09:57:29.959 15994-16254/com.daasuu.mp4composer D/VideoComposer: drainExtractor trackIndex:1
2022-02-16 09:57:29.959 15994-16254/com.daasuu.mp4composer D/VideoComposer: drainExtractor trackIndex:0
